==== bench-matrix run 2026-05-03T03:50:10+00:00 RUNS=3 FRAMES=240 ====
rule: no -flto in a_flags; LDFLAGS=-fno-lto for all.so
P2C_gcc-13_baseline                                size=3391552 best=101.31388917463495 median=101.0818748261978 mean=101.064 k_cc=/usr/bin/gcc-13 a_cc=/usr/bin/gcc-13 k=-O3 a=-O2\ -march=native\ 
P2C_gcc-13_funrollloops                            size=3989568 best=100.56783391513464 median=100.0338180903916 mean=100.012 k_cc=/usr/bin/gcc-13 a_cc=/usr/bin/gcc-13 k=-O3 a=-O2\ -march=native\ -funroll-loops
P2C_gcc-13_fpeelloops                              size=3387456 best=98.94262652354952 median=98.89649315200468 mean=98.663 k_cc=/usr/bin/gcc-13 a_cc=/usr/bin/gcc-13 k=-O3 a=-O2\ -march=native\ -fpeel-loops
P2C_gcc-13_funrollallloops                         size=3997760 best=98.71008402911507 median=98.02931344531534 mean=98.110 k_cc=/usr/bin/gcc-13 a_cc=/usr/bin/gcc-13 k=-O3 a=-O2\ -march=native\ -funroll-all-loops
P2C_gcc-13_fipapta                                 size=3391552 best=99.73472670305125 median=98.95457244086344 mean=98.574 k_cc=/usr/bin/gcc-13 a_cc=/usr/bin/gcc-13 k=-O3 a=-O2\ -march=native\ -fipa-pta
P2C_gcc-13_fipacpclone                             size=3391552 best=99.86280959892548 median=98.11472662775067 mean=98.378 k_cc=/usr/bin/gcc-13 a_cc=/usr/bin/gcc-13 k=-O3 a=-O2\ -march=native\ -fipa-cp-clone
P2C_gcc-13_fipaptafipacpclone                      size=3391552 best=100.84233036379965 median=99.39873372596192 mean=99.427 k_cc=/usr/bin/gcc-13 a_cc=/usr/bin/gcc-13 k=-O3 a=-O2\ -march=native\ -fipa-pta\ -fipa-cp-clone
P2C_gcc-13_funrollloopsfipapta                     size=3989568 best=98.76191407680626 median=98.47418088405989 mean=97.847 k_cc=/usr/bin/gcc-13 a_cc=/usr/bin/gcc-13 k=-O3 a=-O2\ -march=native\ -funroll-loops\ -fipa-pta
P2C_gcc-13_funrollloopsfipacpclone                 size=3989568 best=98.7868893310036 median=97.49983132627752 mean=97.918 k_cc=/usr/bin/gcc-13 a_cc=/usr/bin/gcc-13 k=-O3 a=-O2\ -march=native\ -funroll-loops\ -fipa-cp-clone
P2C_gcc-13_funrollloopsfipaptafipacp               size=3989568 best=98.46366703840349 median=97.59611761833979 mean=97.329 k_cc=/usr/bin/gcc-13 a_cc=/usr/bin/gcc-13 k=-O3 a=-O2\ -march=native\ -funroll-loops\ -fipa-pta\ -fipa-cp-clone
P2C_gcc-13_fnostackprotector                       size=3391552 best=100.13351246760608 median=99.46993466519581 mean=99.565 k_cc=/usr/bin/gcc-13 a_cc=/usr/bin/gcc-13 k=-O3 a=-O2\ -march=native\ -fno-stack-protector
P2C_gcc-13_funrollloopsfnostackprote               size=3989568 best=98.13799187827736 median=98.08337563758248 mean=96.913 k_cc=/usr/bin/gcc-13 a_cc=/usr/bin/gcc-13 k=-O3 a=-O2\ -march=native\ -funroll-loops\ -fno-stack-protector
P2C_gcc-13_fpredictivecommoning                    size=3391552 best=100.19872412633666 median=99.09946664112879 mean=99.120 k_cc=/usr/bin/gcc-13 a_cc=/usr/bin/gcc-13 k=-O3 a=-O2\ -march=native\ -fpredictive-commoning
P2C_gcc-13_fnotreevectorize                        size=3379264 best=97.98631482300642 median=97.60400496458831 mean=96.965 k_cc=/usr/bin/gcc-13 a_cc=/usr/bin/gcc-13 k=-O3 a=-O2\ -march=native\ -fno-tree-vectorize
P2C_gcc-13_Ofastmarchnative                        size=3883256 best=97.02421660369613 median=96.17460383350038 mean=96.386 k_cc=/usr/bin/gcc-13 a_cc=/usr/bin/gcc-13 k=-O3 a=-Ofast\ -march=native
P2C_gcc-15_baseline                                size=3575872 best=101.58351086734247 median=101.3738099865206 mean=100.844 k_cc=/usr/bin/gcc-15 a_cc=/usr/bin/gcc-15 k=-O3 a=-O2\ -march=native\ 
P2C_gcc-15_funrollloops                            size=4153408 best=101.11204488161252 median=100.43582787773838 mean=100.524 k_cc=/usr/bin/gcc-15 a_cc=/usr/bin/gcc-15 k=-O3 a=-O2\ -march=native\ -funroll-loops
P2C_gcc-15_fpeelloops                              size=3575872 best=100.8879382985864 median=100.48113717428886 mean=100.131 k_cc=/usr/bin/gcc-15 a_cc=/usr/bin/gcc-15 k=-O3 a=-O2\ -march=native\ -fpeel-loops
P2C_gcc-15_funrollallloops                         size=4161600 best=100.6328306880744 median=99.48650811541182 mean=99.614 k_cc=/usr/bin/gcc-15 a_cc=/usr/bin/gcc-15 k=-O3 a=-O2\ -march=native\ -funroll-all-loops
P2C_gcc-15_fipapta                                 size=3575872 best=100.28094375998135 median=93.14491125482482 mean=95.480 k_cc=/usr/bin/gcc-15 a_cc=/usr/bin/gcc-15 k=-O3 a=-O2\ -march=native\ -fipa-pta
P2C_gcc-15_fipacpclone                             size=3575872 best=101.7638099567492 median=99.05265491559447 mean=99.786 k_cc=/usr/bin/gcc-15 a_cc=/usr/bin/gcc-15 k=-O3 a=-O2\ -march=native\ -fipa-cp-clone
P2C_gcc-15_fipaptafipacpclone                      size=3575872 best=101.92124258004269 median=100.72382603571648 mean=100.193 k_cc=/usr/bin/gcc-15 a_cc=/usr/bin/gcc-15 k=-O3 a=-O2\ -march=native\ -fipa-pta\ -fipa-cp-clone
P2C_gcc-15_funrollloopsfipapta                     size=4153408 best=101.6657078997528 median=99.10945636230434 mean=99.287 k_cc=/usr/bin/gcc-15 a_cc=/usr/bin/gcc-15 k=-O3 a=-O2\ -march=native\ -funroll-loops\ -fipa-pta
P2C_gcc-15_funrollloopsfipacpclone                 size=4153408 best=100.17331430904815 median=98.69535054803912 mean=98.865 k_cc=/usr/bin/gcc-15 a_cc=/usr/bin/gcc-15 k=-O3 a=-O2\ -march=native\ -funroll-loops\ -fipa-cp-clone
P2C_gcc-15_funrollloopsfipaptafipacp               size=4153408 best=101.21971898316873 median=100.02369448561176 mean=100.307 k_cc=/usr/bin/gcc-15 a_cc=/usr/bin/gcc-15 k=-O3 a=-O2\ -march=native\ -funroll-loops\ -fipa-pta\ -fipa-cp-clone
P2C_gcc-15_fnostackprotector                       size=3575872 best=101.35025910842991 median=101.24712724337955 mean=100.989 k_cc=/usr/bin/gcc-15 a_cc=/usr/bin/gcc-15 k=-O3 a=-O2\ -march=native\ -fno-stack-protector
P2C_gcc-15_funrollloopsfnostackprote               size=4153408 best=101.02229510230717 median=97.30910062133194 mean=98.482 k_cc=/usr/bin/gcc-15 a_cc=/usr/bin/gcc-15 k=-O3 a=-O2\ -march=native\ -funroll-loops\ -fno-stack-protector
P2C_gcc-15_fpredictivecommoning                    size=3575872 best=102.3901967597271 median=101.879697368858 mean=102.026 k_cc=/usr/bin/gcc-15 a_cc=/usr/bin/gcc-15 k=-O3 a=-O2\ -march=native\ -fpredictive-commoning
P2C_gcc-15_fnotreevectorize                        size=3567680 best=103.33634596920261 median=102.87113450552089 mean=102.597 k_cc=/usr/bin/gcc-15 a_cc=/usr/bin/gcc-15 k=-O3 a=-O2\ -march=native\ -fno-tree-vectorize
P2C_gcc-15_Ofastmarchnative                        size=4166216 best=99.95207742733962 median=99.70529442588258 mean=99.411 k_cc=/usr/bin/gcc-15 a_cc=/usr/bin/gcc-15 k=-O3 a=-Ofast\ -march=native
P2C_gcc-16_baseline                                size=3686520 best=101.8310305476299 median=100.24242182890698 mean=97.824 k_cc=/usr/bin/gcc-16 a_cc=/usr/bin/gcc-16 k=-O3 a=-O2\ -march=native\ 
P2C_gcc-16_funrollloops                            size=4259960 best=100.27837052185703 median=98.12923160667141 mean=98.638 k_cc=/usr/bin/gcc-16 a_cc=/usr/bin/gcc-16 k=-O3 a=-O2\ -march=native\ -funroll-loops
P2C_gcc-16_fpeelloops                              size=3686520 best=102.48829978294046 median=101.62558018303606 mean=101.341 k_cc=/usr/bin/gcc-16 a_cc=/usr/bin/gcc-16 k=-O3 a=-O2\ -march=native\ -fpeel-loops
P2C_gcc-16_funrollallloops                         size=4268152 best=100.23055365155992 median=99.63016617060939 mean=99.599 k_cc=/usr/bin/gcc-16 a_cc=/usr/bin/gcc-16 k=-O3 a=-O2\ -march=native\ -funroll-all-loops
P2C_gcc-16_fipapta                                 size=3686520 best=101.53603257415253 median=100.7802767390309 mean=100.743 k_cc=/usr/bin/gcc-16 a_cc=/usr/bin/gcc-16 k=-O3 a=-O2\ -march=native\ -fipa-pta
P2C_gcc-16_fipacpclone                             size=3686520 best=102.56422059680537 median=100.56372223464169 mean=101.050 k_cc=/usr/bin/gcc-16 a_cc=/usr/bin/gcc-16 k=-O3 a=-O2\ -march=native\ -fipa-cp-clone
P2C_gcc-16_fipaptafipacpclone                      size=3686520 best=102.505129726364 median=102.05257201253299 mean=102.143 k_cc=/usr/bin/gcc-16 a_cc=/usr/bin/gcc-16 k=-O3 a=-O2\ -march=native\ -fipa-pta\ -fipa-cp-clone
P2C_gcc-16_funrollloopsfipapta                     size=4259960 best=99.4954838230025 median=99.12476795687661 mean=99.131 k_cc=/usr/bin/gcc-16 a_cc=/usr/bin/gcc-16 k=-O3 a=-O2\ -march=native\ -funroll-loops\ -fipa-pta
P2C_gcc-16_funrollloopsfipacpclone                 size=4259960 best=100.26855371818296 median=99.43082260054574 mean=99.396 k_cc=/usr/bin/gcc-16 a_cc=/usr/bin/gcc-16 k=-O3 a=-O2\ -march=native\ -funroll-loops\ -fipa-cp-clone
P2C_gcc-16_funrollloopsfipaptafipacp               size=4259960 best=100.24820115821062 median=99.3012458159619 mean=99.493 k_cc=/usr/bin/gcc-16 a_cc=/usr/bin/gcc-16 k=-O3 a=-O2\ -march=native\ -funroll-loops\ -fipa-pta\ -fipa-cp-clone
P2C_gcc-16_fnostackprotector                       size=3686520 best=102.65660816609845 median=102.27053079043793 mean=101.615 k_cc=/usr/bin/gcc-16 a_cc=/usr/bin/gcc-16 k=-O3 a=-O2\ -march=native\ -fno-stack-protector
P2C_gcc-16_funrollloopsfnostackprote               size=4259960 best=99.58180841863168 median=97.49914796275955 mean=98.060 k_cc=/usr/bin/gcc-16 a_cc=/usr/bin/gcc-16 k=-O3 a=-O2\ -march=native\ -funroll-loops\ -fno-stack-protector
P2C_gcc-16_fpredictivecommoning                    size=3686520 best=102.44321257063505 median=101.84320932003222 mean=101.853 k_cc=/usr/bin/gcc-16 a_cc=/usr/bin/gcc-16 k=-O3 a=-O2\ -march=native\ -fpredictive-commoning
P2C_gcc-16_fnotreevectorize                        size=3674232 best=101.36116441647587 median=100.98784852533207 mean=101.091 k_cc=/usr/bin/gcc-16 a_cc=/usr/bin/gcc-16 k=-O3 a=-O2\ -march=native\ -fno-tree-vectorize
P2C_gcc-16_Ofastmarchnative                        size=4219416 best=100.20237872479197 median=98.78208385337176 mean=99.082 k_cc=/usr/bin/gcc-16 a_cc=/usr/bin/gcc-16 k=-O3 a=-Ofast\ -march=native
P4_gcc-13_x_gcc-16                                 size=4219416 best=97.78056799905987 median=97.65941843243381 mean=96.996 k_cc=/usr/bin/gcc-13 a_cc=/usr/bin/gcc-16 k=-O3 a=-O3\ -march=native
P4_gcc-13_x_clang-21                               size=3911040 best=93.14231140499584 median=92.43267931184023 mean=92.029 k_cc=/usr/bin/gcc-13 a_cc=/usr/bin/clang-21 k=-O3 a=-O3\ -march=native
P4_gcc-16_x_gcc-13                                 size=3883256 best=100.11868846588669 median=99.49377674219453 mean=99.641 k_cc=/usr/bin/gcc-16 a_cc=/usr/bin/gcc-13 k=-O3 a=-O3\ -march=native
P4_gcc-16_x_clang-21                               size=3911040 best=94.38637359467995 median=93.33395708320764 mean=93.479 k_cc=/usr/bin/gcc-16 a_cc=/usr/bin/clang-21 k=-O3 a=-O3\ -march=native
P4_clang-21_x_gcc-13                               size=3883256 best=98.94808838214608 median=98.65690355143126 mean=98.670 k_cc=/usr/bin/clang-21 a_cc=/usr/bin/gcc-13 k=-O3 a=-O3\ -march=native
P4_clang-21_x_gcc-16                               size=4219416 best=99.41213518798253 median=97.26516301019379 mean=97.290 k_cc=/usr/bin/clang-21 a_cc=/usr/bin/gcc-16 k=-O3 a=-O3\ -march=native
P7_baseline                                        size=3575872 best=103.51914957815383 median=102.79558297060566 mean=102.912 k_cc=/usr/bin/gcc-15 a_cc=/usr/bin/gcc-15 k=-O3 a=-O2\ -march=native\ 
P7_funrollloops                                    size=4153408 best=101.97303779704833 median=101.00065726439759 mean=100.593 k_cc=/usr/bin/gcc-15 a_cc=/usr/bin/gcc-15 k=-O3 a=-O2\ -march=native\ -funroll-loops
P7_fipapta                                         size=3575872 best=102.89491765041325 median=102.57024976328593 mean=102.671 k_cc=/usr/bin/gcc-15 a_cc=/usr/bin/gcc-15 k=-O3 a=-O2\ -march=native\ -fipa-pta
P7_fipacpclone                                     size=3575872 best=103.3266758107751 median=102.836258273653 mean=102.896 k_cc=/usr/bin/gcc-15 a_cc=/usr/bin/gcc-15 k=-O3 a=-O2\ -march=native\ -fipa-cp-clone
P7_fnotreevectorize                                size=3567680 best=103.70928711912683 median=103.27467230127381 mean=103.003 k_cc=/usr/bin/gcc-15 a_cc=/usr/bin/gcc-15 k=-O3 a=-O2\ -march=native\ -fno-tree-vectorize
P7_fnostackprotector                               size=3575872 best=103.77258905698837 median=102.67274728452745 mean=102.874 k_cc=/usr/bin/gcc-15 a_cc=/usr/bin/gcc-15 k=-O3 a=-O2\ -march=native\ -fno-stack-protector
P7_parammaxinlineinsnsauto300                      size=3575872 best=103.32556308490251 median=103.05114520865891 mean=103.015 k_cc=/usr/bin/gcc-15 a_cc=/usr/bin/gcc-15 k=-O3 a=-O2\ -march=native\ --param=max-inline-insns-auto=300
P7_paraminlineminspeedup5                          size=3602416 best=102.64469881226016 median=102.28228134513563 mean=102.314 k_cc=/usr/bin/gcc-15 a_cc=/usr/bin/gcc-15 k=-O3 a=-O2\ -march=native\ --param=inline-min-speedup=5
P7_paraminlineunitgrowth30                         size=3575872 best=103.55050042359154 median=102.76537864671114 mean=102.777 k_cc=/usr/bin/gcc-15 a_cc=/usr/bin/gcc-15 k=-O3 a=-O2\ -march=native\ --param=inline-unit-growth=30
P7_funrollloopsfipapta                             size=4153408 best=101.39698115378647 median=99.97556596925699 mean=100.315 k_cc=/usr/bin/gcc-15 a_cc=/usr/bin/gcc-15 k=-O3 a=-O2\ -march=native\ -funroll-loops\ -fipa-pta
P7_funrollloopsfipacpclonefipapta                  size=4153408 best=102.49927862716292 median=102.2280501149678 mean=101.723 k_cc=/usr/bin/gcc-15 a_cc=/usr/bin/gcc-15 k=-O3 a=-O2\ -march=native\ -funroll-loops\ -fipa-cp-clone\ -fipa-pta
P7_funrollloopsfnostackprotector                   size=4153408 best=101.90764890074462 median=101.13937097019566 mean=101.354 k_cc=/usr/bin/gcc-15 a_cc=/usr/bin/gcc-15 k=-O3 a=-O2\ -march=native\ -funroll-loops\ -fno-stack-protector
P7_funrollloopsfipacpclonefipapta                  size=4153408 best=101.75378642693684 median=100.96439282077405 mean=101.189 k_cc=/usr/bin/gcc-15 a_cc=/usr/bin/gcc-15 k=-O3 a=-O2\ -march=native\ -funroll-loops\ -fipa-cp-clone\ -fipa-pta\ -fno-stack-protector
P8_link_baseline                                   size=3575872 best=103.15459711385397 median=103.02071149631405 mean=102.599 k_cc=/usr/bin/gcc-15 a_cc=/usr/bin/gcc-15 k=-O3 a=-O2\ -march=native\ 
P8_link_-Wl-O3                                     size=3575872 best=103.32817528390989 median=103.11040321699225 mean=103.019 k_cc=/usr/bin/gcc-15 a_cc=/usr/bin/gcc-15 k=-O3 a=-O2\ -march=native\ -Wl\,-O3
P8_link_-Wl--gc-sections                           size=3575872 best=104.22338034619204 median=102.89097455698037 mean=103.022 k_cc=/usr/bin/gcc-15 a_cc=/usr/bin/gcc-15 k=-O3 a=-O2\ -march=native\ -Wl\,--gc-sections
P8_link_-Wl-O3--gc-sections                        size=3575872 best=102.43069869427788 median=102.10359382326402 mean=102.144 k_cc=/usr/bin/gcc-15 a_cc=/usr/bin/gcc-15 k=-O3 a=-O2\ -march=native\ -Wl\,-O3\,--gc-sections
P8_link_-Wl-O2--no-undefined--gc-secti             size=3575872 best=103.15805550476452 median=102.95958234984401 mean=102.425 k_cc=/usr/bin/gcc-15 a_cc=/usr/bin/gcc-15 k=-O3 a=-O2\ -march=native\ -Wl\,-O2\,--no-undefined\,--gc-sections\,-z\,now
P8_link_-fuse-ldlld-21 BUILD_FAIL_AOT  astro_cs_build: make failed (exit 512)
P8_link_-fuse-ldlld-21-Wl--icfall BUILD_FAIL_AOT  astro_cs_build: make failed (exit 512)
P8_link_-fuse-ldgold                               size=3575872 best=103.22545364073527 median=103.0518130429516 mean=102.891 k_cc=/usr/bin/gcc-15 a_cc=/usr/bin/gcc-15 k=-O3 a=-O2\ -march=native\ -fuse-ld=gold
P8_link_-fuse-ldgold-Wl--icfall                    size=3575872 best=103.19012853209878 median=102.60945302099522 mean=102.790 k_cc=/usr/bin/gcc-15 a_cc=/usr/bin/gcc-15 k=-O3 a=-O2\ -march=native\ -fuse-ld=gold\ -Wl\,--icf=all
P5_gcc-13_pgo_O2marchnative                        size=3391552 best=100.34485516255478 median=100.12198194178102 mean=100.114 k_cc=/usr/bin/gcc-13 a_cc=/usr/bin/gcc-13 k=-O2 a=-O2\ -march=native
P5_gcc-13_pgo_O3marchnative                        size=3883256 best=97.56647845657083 median=96.18262694610017 mean=96.623 k_cc=/usr/bin/gcc-13 a_cc=/usr/bin/gcc-13 k=-O2 a=-O3\ -march=native
P5_gcc-13_pgo_O2marchnativefunrollloops            size=3989568 best=100.17373797513986 median=98.3789897236751 mean=98.962 k_cc=/usr/bin/gcc-13 a_cc=/usr/bin/gcc-13 k=-O2 a=-O2\ -march=native\ -funroll-loops
P5_gcc-13_pgo_O2marchnativeparammaxinli            size=3391552 best=100.94331073958342 median=100.27741635888263 mean=100.004 k_cc=/usr/bin/gcc-13 a_cc=/usr/bin/gcc-13 k=-O2 a=-O2\ -march=native\ --param=max-inline-insns-auto=400
P5_gcc-13_pgo_O2marchnativefipaptafipac            size=3391552 best=100.85088113391787 median=99.93318580356618 mean=99.847 k_cc=/usr/bin/gcc-13 a_cc=/usr/bin/gcc-13 k=-O2 a=-O2\ -march=native\ -fipa-pta\ -fipa-cp-clone
P5_gcc-15_pgo_O2marchnative                        size=3575872 best=102.87572397287757 median=101.77007213649215 mean=101.769 k_cc=/usr/bin/gcc-15 a_cc=/usr/bin/gcc-15 k=-O2 a=-O2\ -march=native
P5_gcc-15_pgo_O3marchnative                        size=4166216 best=99.91475272359992 median=98.96152415478964 mean=99.273 k_cc=/usr/bin/gcc-15 a_cc=/usr/bin/gcc-15 k=-O2 a=-O3\ -march=native
P5_gcc-15_pgo_O2marchnativefunrollloops            size=4153408 best=101.28486151180945 median=101.1624578124452 mean=101.068 k_cc=/usr/bin/gcc-15 a_cc=/usr/bin/gcc-15 k=-O2 a=-O2\ -march=native\ -funroll-loops
P5_gcc-15_pgo_O2marchnativeparammaxinli            size=3575872 best=101.45231239688094 median=101.27113046774198 mean=101.302 k_cc=/usr/bin/gcc-15 a_cc=/usr/bin/gcc-15 k=-O2 a=-O2\ -march=native\ --param=max-inline-insns-auto=400
P5_gcc-15_pgo_O2marchnativefipaptafipac            size=3575872 best=102.40302349964358 median=102.37423133975578 mean=102.075 k_cc=/usr/bin/gcc-15 a_cc=/usr/bin/gcc-15 k=-O2 a=-O2\ -march=native\ -fipa-pta\ -fipa-cp-clone
P5_gcc-16_pgo_O2marchnative                        size=3686520 best=104.65243442959815 median=102.45216523267528 mean=103.018 k_cc=/usr/bin/gcc-16 a_cc=/usr/bin/gcc-16 k=-O2 a=-O2\ -march=native
P5_gcc-16_pgo_O3marchnative                        size=4219416 best=98.39003188221156 median=98.27768251622949 mean=97.921 k_cc=/usr/bin/gcc-16 a_cc=/usr/bin/gcc-16 k=-O2 a=-O3\ -march=native
P5_gcc-16_pgo_O2marchnativefunrollloops            size=4259960 best=99.68799872408707 median=98.13519147193868 mean=98.521 k_cc=/usr/bin/gcc-16 a_cc=/usr/bin/gcc-16 k=-O2 a=-O2\ -march=native\ -funroll-loops
P5_gcc-16_pgo_O2marchnativeparammaxinli            size=3686520 best=102.59085336937163 median=101.83166884568855 mean=101.666 k_cc=/usr/bin/gcc-16 a_cc=/usr/bin/gcc-16 k=-O2 a=-O2\ -march=native\ --param=max-inline-insns-auto=400
P5_gcc-16_pgo_O2marchnativefipaptafipac            size=3686520 best=102.28518164873228 median=100.88958720605369 mean=101.268 k_cc=/usr/bin/gcc-16 a_cc=/usr/bin/gcc-16 k=-O2 a=-O2\ -march=native\ -fipa-pta\ -fipa-cp-clone
