==== bench-matrix run 2026-05-03T02:46:03+00:00 RUNS=5 FRAMES=300 ====
rule: no -flto in a_flags; LDFLAGS=-fno-lto for all.so
P1_gcc-13_-O2_-marchnative                         size=3391552 best=101.79072734587774 median=101.25748862222538 mean=101.293 k_cc=/usr/bin/gcc-13 a_cc=/usr/bin/gcc-13 k=-O3 a=-O2\ -march=native
P1_gcc-13_-O2_-marchx86-64-v3                      size=3289152 best=101.71058673537367 median=100.83718391370425 mean=100.666 k_cc=/usr/bin/gcc-13 a_cc=/usr/bin/gcc-13 k=-O3 a=-O2\ -march=x86-64-v3
P1_gcc-13_-O2_-no-march                            size=3285056 best=101.17495828226225 median=100.24081629810688 mean=100.139 k_cc=/usr/bin/gcc-13 a_cc=/usr/bin/gcc-13 k=-O3 a=-O2\ 
P1_gcc-13_-O3_-marchnative                         size=3883256 best=99.63458900945388 median=98.29063628569683 mean=98.228 k_cc=/usr/bin/gcc-13 a_cc=/usr/bin/gcc-13 k=-O3 a=-O3\ -march=native
P1_gcc-13_-O3_-marchx86-64-v3                      size=3817720 best=99.49341489097112 median=97.60230820068763 mean=97.695 k_cc=/usr/bin/gcc-13 a_cc=/usr/bin/gcc-13 k=-O3 a=-O3\ -march=x86-64-v3
P1_gcc-13_-O3_-no-march                            size=3543288 best=100.28432164643203 median=99.39646683722796 mean=98.934 k_cc=/usr/bin/gcc-13 a_cc=/usr/bin/gcc-13 k=-O3 a=-O3\ 
P1_gcc-13_-Os_-marchnative                         size=2262400 best=83.20425733693571 median=81.00119346831923 mean=81.522 k_cc=/usr/bin/gcc-13 a_cc=/usr/bin/gcc-13 k=-O3 a=-Os\ -march=native
P1_gcc-13_-Os_-marchx86-64-v3                      size=2262400 best=82.72938659471824 median=82.27888448148653 mean=82.189 k_cc=/usr/bin/gcc-13 a_cc=/usr/bin/gcc-13 k=-O3 a=-Os\ -march=x86-64-v3
P1_gcc-13_-Os_-no-march                            size=2262400 best=80.96364004573397 median=80.86772071065917 mean=80.250 k_cc=/usr/bin/gcc-13 a_cc=/usr/bin/gcc-13 k=-O3 a=-Os\ 
P1_gcc-14_-O2_-marchnative                         size=3473472 best=100.36859137002723 median=99.81061160574095 mean=99.702 k_cc=/usr/bin/gcc-14 a_cc=/usr/bin/gcc-14 k=-O3 a=-O2\ -march=native
P1_gcc-14_-O2_-marchx86-64-v3                      size=3391552 best=101.13546244546909 median=100.11656906299555 mean=100.287 k_cc=/usr/bin/gcc-14 a_cc=/usr/bin/gcc-14 k=-O3 a=-O2\ -march=x86-64-v3
P1_gcc-14_-O2_-no-march                            size=3387456 best=101.2983442562922 median=99.76268453334502 mean=99.535 k_cc=/usr/bin/gcc-14 a_cc=/usr/bin/gcc-14 k=-O3 a=-O2\ 
P1_gcc-14_-O3_-marchnative                         size=3994184 best=98.14260326270104 median=96.8002411332276 mean=96.775 k_cc=/usr/bin/gcc-14 a_cc=/usr/bin/gcc-14 k=-O3 a=-O3\ -march=native
P1_gcc-14_-O3_-marchx86-64-v3                      size=3961416 best=98.26337823041099 median=96.70045893916962 mean=96.756 k_cc=/usr/bin/gcc-14 a_cc=/usr/bin/gcc-14 k=-O3 a=-O3\ -march=x86-64-v3
P1_gcc-14_-O3_-no-march                            size=3695176 best=99.55465330672108 median=98.34716982454124 mean=98.593 k_cc=/usr/bin/gcc-14 a_cc=/usr/bin/gcc-14 k=-O3 a=-O3\ 
P1_gcc-14_-Os_-marchnative                         size=2266496 best=82.91239401403037 median=82.41122724722425 mean=82.456 k_cc=/usr/bin/gcc-14 a_cc=/usr/bin/gcc-14 k=-O3 a=-Os\ -march=native
P1_gcc-14_-Os_-marchx86-64-v3                      size=2266496 best=84.38040826082923 median=82.47978138071917 mean=82.819 k_cc=/usr/bin/gcc-14 a_cc=/usr/bin/gcc-14 k=-O3 a=-Os\ -march=x86-64-v3
P1_gcc-14_-Os_-no-march                            size=2266496 best=84.51022983939656 median=83.84142166115149 mean=83.624 k_cc=/usr/bin/gcc-14 a_cc=/usr/bin/gcc-14 k=-O3 a=-Os\ 
P1_gcc-15_-O2_-marchnative                         size=3575872 best=102.36996127474835 median=101.60785856250038 mean=101.621 k_cc=/usr/bin/gcc-15 a_cc=/usr/bin/gcc-15 k=-O3 a=-O2\ -march=native
P1_gcc-15_-O2_-marchx86-64-v3                      size=3514432 best=102.18287833968664 median=101.39233989616709 mean=101.181 k_cc=/usr/bin/gcc-15 a_cc=/usr/bin/gcc-15 k=-O3 a=-O2\ -march=x86-64-v3
P1_gcc-15_-O2_-no-march                            size=3506240 best=102.82710559449411 median=101.78736351008902 mean=101.676 k_cc=/usr/bin/gcc-15 a_cc=/usr/bin/gcc-15 k=-O3 a=-O2\ 
P1_gcc-15_-O3_-marchnative                         size=4166216 best=98.88442003692072 median=98.11601765893627 mean=97.859 k_cc=/usr/bin/gcc-15 a_cc=/usr/bin/gcc-15 k=-O3 a=-O3\ -march=native
P1_gcc-15_-O3_-marchx86-64-v3                      size=4055624 best=97.89519350367742 median=97.20630168356514 mean=97.289 k_cc=/usr/bin/gcc-15 a_cc=/usr/bin/gcc-15 k=-O3 a=-O3\ -march=x86-64-v3
P1_gcc-15_-O3_-no-march                            size=3867208 best=99.28755991000683 median=99.17401708917177 mean=97.927 k_cc=/usr/bin/gcc-15 a_cc=/usr/bin/gcc-15 k=-O3 a=-O3\ 
P1_gcc-15_-Os_-marchnative                         size=2254208 best=83.45154089490285 median=82.02647538604782 mean=81.932 k_cc=/usr/bin/gcc-15 a_cc=/usr/bin/gcc-15 k=-O3 a=-Os\ -march=native
P1_gcc-15_-Os_-marchx86-64-v3                      size=2254208 best=83.16800611763166 median=81.34271734904131 mean=81.228 k_cc=/usr/bin/gcc-15 a_cc=/usr/bin/gcc-15 k=-O3 a=-Os\ -march=x86-64-v3
P1_gcc-15_-Os_-no-march                            size=2254208 best=84.15997757859232 median=82.08727062449591 mean=82.354 k_cc=/usr/bin/gcc-15 a_cc=/usr/bin/gcc-15 k=-O3 a=-Os\ 
P1_gcc-16_-O2_-marchnative                         size=3686520 best=102.50309831912085 median=101.93712709443535 mean=101.138 k_cc=/usr/bin/gcc-16 a_cc=/usr/bin/gcc-16 k=-O3 a=-O2\ -march=native
P1_gcc-16_-O2_-marchx86-64-v3                      size=3637368 best=101.38160370429746 median=100.65718854644652 mean=100.593 k_cc=/usr/bin/gcc-16 a_cc=/usr/bin/gcc-16 k=-O3 a=-O2\ -march=x86-64-v3
P1_gcc-16_-O2_-no-march                            size=3637368 best=100.81223183017602 median=99.21791916420806 mean=98.447 k_cc=/usr/bin/gcc-16 a_cc=/usr/bin/gcc-16 k=-O3 a=-O2\ 
P1_gcc-16_-O3_-marchnative                         size=4219416 best=99.26515989127856 median=97.60006536767125 mean=97.626 k_cc=/usr/bin/gcc-16 a_cc=/usr/bin/gcc-16 k=-O3 a=-O3\ -march=native
P1_gcc-16_-O3_-marchx86-64-v3                      size=4137496 best=98.3894940700354 median=96.29419599297431 mean=96.725 k_cc=/usr/bin/gcc-16 a_cc=/usr/bin/gcc-16 k=-O3 a=-O3\ -march=x86-64-v3
P1_gcc-16_-O3_-no-march                            size=3936792 best=101.14282288108879 median=100.82784362735723 mean=100.790 k_cc=/usr/bin/gcc-16 a_cc=/usr/bin/gcc-16 k=-O3 a=-O3\ 
P1_gcc-16_-Os_-marchnative                         size=2251848 best=85.42836350031531 median=84.3673647594984 mean=84.327 k_cc=/usr/bin/gcc-16 a_cc=/usr/bin/gcc-16 k=-O3 a=-Os\ -march=native
P1_gcc-16_-Os_-marchx86-64-v3                      size=2251848 best=84.83896174190097 median=84.07866580590671 mean=84.030 k_cc=/usr/bin/gcc-16 a_cc=/usr/bin/gcc-16 k=-O3 a=-Os\ -march=x86-64-v3
P1_gcc-16_-Os_-no-march                            size=2251848 best=84.279435564167 median=83.5707477822275 mean=81.902 k_cc=/usr/bin/gcc-16 a_cc=/usr/bin/gcc-16 k=-O3 a=-Os\ 
P1_clang-17_-O2_-marchnative                       size=3518288 best=91.70963077272036 median=90.40746919267113 mean=90.524 k_cc=/usr/bin/clang-17 a_cc=/usr/bin/clang-17 k=-O3 a=-O2\ -march=native
==== bench-matrix run 2026-05-03T03:13:46+00:00 RUNS=5 FRAMES=300 ====
rule: no -flto in a_flags; LDFLAGS=-fno-lto for all.so
P1_clang-17_-O2_-marchx86-64-v3                    size=3551056 best=90.36262066786898 median=89.86383740752694 mean=87.967 k_cc=/usr/bin/clang-17 a_cc=/usr/bin/clang-17 k=-O3 a=-O2\ -march=x86-64-v3
==== bench-matrix run 2026-05-03T03:17:44+00:00 RUNS=5 FRAMES=300 ====
rule: no -flto in a_flags; LDFLAGS=-fno-lto for all.so
==== bench-matrix run 2026-05-03T03:21:54+00:00 RUNS=5 FRAMES=300 ====
rule: no -flto in a_flags; LDFLAGS=-fno-lto for all.so
P1_clang-21_-O2_-marchnative                       size=3637160 best=45.39146828103865 median=45.24382189645833 mean=44.999 k_cc=/usr/bin/clang-21 a_cc=/usr/bin/clang-21 k=-O3 a=-O2\ -march=native
P1_clang-17_-O2_-marchx86-64-v3                    size=0 best=88.60014170142524 median=45.24221960677852 mean=53.780 k_cc=/usr/bin/clang-17 a_cc=/usr/bin/clang-17 k=-O3 a=-O2\ -march=x86-64-v3
==== bench-matrix run 2026-05-03T03:24:47+00:00 RUNS=5 FRAMES=300 ====
rule: no -flto in a_flags; LDFLAGS=-fno-lto for all.so
P1_clang-21_-O2_-marchx86-64-v3                    size=3497896 best=45.81804919746138 median=45.598174173981214 mean=45.708 k_cc=/usr/bin/clang-21 a_cc=/usr/bin/clang-21 k=-O3 a=-O2\ -march=x86-64-v3
P1_clang-17_-O2_-no-march                          size=3493800 best=89.2106366178845 median=48.072364424024485 mean=68.642 k_cc=/usr/bin/clang-17 a_cc=/usr/bin/clang-17 k=-O3 a=-O2\ 
==== bench-matrix run 2026-05-03T03:24:57+00:00 RUNS=5 FRAMES=300 ====
rule: no -flto in a_flags; LDFLAGS=-fno-lto for all.so
==== bench-matrix run 2026-05-03T03:27:05+00:00 RUNS=5 FRAMES=300 ====
rule: no -flto in a_flags; LDFLAGS=-fno-lto for all.so
P1_clang-17_-O3_-no-march BUILD_FAIL_AOT  ./tools/bench-matrix.sh: line 69: ./koruby: No such file or directory
P1_clang-21_-O2_-no-march                          size=3448280 best=43.75376479747562 median=43.068689904856264 mean=43.225 k_cc=/usr/bin/clang-21 a_cc=/usr/bin/clang-21 k=-O3 a=-O2\ 
P1_clang-17_-Os_-marchnative                       size=3448280 best=87.19458485631492 median=43.734321309677775 mean=51.950 k_cc=/usr/bin/clang-17 a_cc=/usr/bin/clang-17 k=-O3 a=-Os\ -march=native
P1_clang-17_-Os_-marchx86-64-v3 BUILD_FAIL_AOT  ./tools/bench-matrix.sh: line 69: ./koruby: No such file or directory
P1_clang-21_-O3_-no-march BUILD_FAIL_AOT  ./tools/bench-matrix.sh: line 69: ./koruby: Permission denied
P1_clang-21_-Os_-marchnative BUILD_FAIL_AOT  ./tools/bench-matrix.sh: line 69: ./koruby: Permission denied
P1_clang-21_-Os_-marchx86-64-v3 BUILD_FAIL_AOT  ./tools/bench-matrix.sh: line 69: ./koruby: Permission denied
P1_clang-21_-Os_-no-march BUILD_FAIL_AOT  ./tools/bench-matrix.sh: line 69: ./koruby: Permission denied
