==== bench-matrix run 2026-05-03T03:32:34+00:00 RUNS=5 FRAMES=300 ====
rule: no -flto in a_flags; LDFLAGS=-fno-lto for all.so
==== bench-matrix run 2026-05-03T03:33:15+00:00 RUNS=5 FRAMES=300 ====
rule: no -flto in a_flags; LDFLAGS=-fno-lto for all.so
P2_gcc-13_                                         size=3391552 best=102.15872973834863 median=100.14707933836071 mean=100.552 k_cc=/usr/bin/gcc-13 a_cc=/usr/bin/gcc-13 k=-O3 a=-O2\ -march=native\ 
==== bench-matrix run 2026-05-03T03:34:22+00:00 RUNS=5 FRAMES=300 ====
rule: no -flto in a_flags; LDFLAGS=-fno-lto for all.so
P2_gcc-13_finlinefunctions                         size=3391552 best=100.58832099528955 median=93.1327799573551 mean=96.861 k_cc=/usr/bin/gcc-13 a_cc=/usr/bin/gcc-13 k=-O3 a=-O2\ -march=native\ -finline-functions
P2_gcc-13_ BUILD_FAIL_KORUBY  
P2_gcc-13_fnoinlinefunctions                       size=3391552 best=50.03001022829316 median=49.87708236420616 mean=49.585 k_cc=/usr/bin/gcc-13 a_cc=/usr/bin/gcc-13 k=-O3 a=-O2\ -march=native\ -fno-inline-functions
P2_gcc-13_finlinefunctions                         size=3391552 best=99.38868119911749 median=51.20211209002639 mean=60.102 k_cc=/usr/bin/gcc-13 a_cc=/usr/bin/gcc-13 k=-O3 a=-O2\ -march=native\ -finline-functions
P2_gcc-13_fnoinlinefunctions                       size=3391552 best=50.129294591447845 median=49.32865698421907 mean=49.201 k_cc=/usr/bin/gcc-13 a_cc=/usr/bin/gcc-13 k=-O3 a=-O2\ -march=native\ -fno-inline-functions
P2_gcc-13_parammaxinlineinsnsauto100               size=3391552 best=89.30336587734408 median=50.66770436129988 mean=58.317 k_cc=/usr/bin/gcc-13 a_cc=/usr/bin/gcc-13 k=-O3 a=-O2\ -march=native\ --param=max-inline-insns-auto=100
P2_gcc-13_parammaxinlineinsnsauto200               size=3391552 best=49.9687620326112 median=49.29185784009649 mean=48.970 k_cc=/usr/bin/gcc-13 a_cc=/usr/bin/gcc-13 k=-O3 a=-O2\ -march=native\ --param=max-inline-insns-auto=200
P2_gcc-13_parammaxinlineinsnsauto100               size=3391552 best=60.72085982334721 median=51.51892443830848 mean=53.382 k_cc=/usr/bin/gcc-13 a_cc=/usr/bin/gcc-13 k=-O3 a=-O2\ -march=native\ --param=max-inline-insns-auto=100
P2_gcc-13_parammaxinlineinsnsauto200               size=3362144 best=50.62620081941939 median=48.30963823928498 mean=48.282 k_cc=/usr/bin/gcc-13 a_cc=/usr/bin/gcc-13 k=-O3 a=-O2\ -march=native\ --param=max-inline-insns-auto=200
P2_gcc-13_parammaxinlineinsnsauto400               size=3391552 best=90.45878160056243 median=48.7605340467863 mean=56.612 k_cc=/usr/bin/gcc-13 a_cc=/usr/bin/gcc-13 k=-O3 a=-O2\ -march=native\ --param=max-inline-insns-auto=400
P2_gcc-13_parammaxinlineinsnsauto400               size=3414888 best=50.11555394033276 median=48.88316762778644 mean=48.504 k_cc=/usr/bin/gcc-13 a_cc=/usr/bin/gcc-13 k=-O3 a=-O2\ -march=native\ --param=max-inline-insns-auto=400
P2_gcc-13_parammaxinlineinsnssingle200             size=3414888 best=61.407733811913005 median=50.85288365951539 mean=52.240 k_cc=/usr/bin/gcc-13 a_cc=/usr/bin/gcc-13 k=-O3 a=-O2\ -march=native\ --param=max-inline-insns-single=200
P2_gcc-13_parammaxinlineinsnssingle200             size=3737888 best=49.55017525003662 median=48.71740101674006 mean=48.646 k_cc=/usr/bin/gcc-13 a_cc=/usr/bin/gcc-13 k=-O3 a=-O2\ -march=native\ --param=max-inline-insns-single=200
P2_gcc-13_parammaxinlineinsnssingle400             size=3783216 best=98.73028143439056 median=49.421960748929486 mean=58.710 k_cc=/usr/bin/gcc-13 a_cc=/usr/bin/gcc-13 k=-O3 a=-O2\ -march=native\ --param=max-inline-insns-single=400
P2_gcc-13_parammaxinlineinsnssingle400             size=3957600 best=49.726859750016274 median=49.60810369861272 mean=49.023 k_cc=/usr/bin/gcc-13 a_cc=/usr/bin/gcc-13 k=-O3 a=-O2\ -march=native\ --param=max-inline-insns-single=400
P2_gcc-13_parammaxinlineinsnssingle800             size=3969720 best=99.22773916231075 median=49.94595154250815 mean=59.810 k_cc=/usr/bin/gcc-13 a_cc=/usr/bin/gcc-13 k=-O3 a=-O2\ -march=native\ --param=max-inline-insns-single=800
P2_gcc-13_paraminlineminspeedup2                   size=3856312 best=49.74979005896087 median=48.459265909270826 mean=48.642 k_cc=/usr/bin/gcc-13 a_cc=/usr/bin/gcc-13 k=-O3 a=-O2\ -march=native\ --param=inline-min-speedup=2
P2_gcc-13_parammaxinlineinsnssingle800             size=3872464 best=97.55268494713401 median=48.595095797635345 mean=58.571 k_cc=/usr/bin/gcc-13 a_cc=/usr/bin/gcc-13 k=-O3 a=-O2\ -march=native\ --param=max-inline-insns-single=800
P2_gcc-13_paraminlineminspeedup2                   size=3402624 best=50.00179534426928 median=49.7518507578025 mean=49.488 k_cc=/usr/bin/gcc-13 a_cc=/usr/bin/gcc-13 k=-O3 a=-O2\ -march=native\ --param=inline-min-speedup=2
P2_gcc-13_paraminlineminspeedup10                  size=3402624 best=99.23531691033668 median=51.09670330350442 mean=60.355 k_cc=/usr/bin/gcc-13 a_cc=/usr/bin/gcc-13 k=-O3 a=-O2\ -march=native\ --param=inline-min-speedup=10
P2_gcc-13_paraminlineunitgrowth20                  size=3402920 best=50.02982388650545 median=49.90631143727512 mean=49.926 k_cc=/usr/bin/gcc-13 a_cc=/usr/bin/gcc-13 k=-O3 a=-O2\ -march=native\ --param=inline-unit-growth=20
P2_gcc-13_paraminlineminspeedup10                  size=3402920 best=99.04933877408665 median=51.083710256133244 mean=60.459 k_cc=/usr/bin/gcc-13 a_cc=/usr/bin/gcc-13 k=-O3 a=-O2\ -march=native\ --param=inline-min-speedup=10
P2_gcc-13_paraminlineunitgrowth20                  size=3391552 best=49.99477860056214 median=49.69850182682077 mean=49.214 k_cc=/usr/bin/gcc-13 a_cc=/usr/bin/gcc-13 k=-O3 a=-O2\ -march=native\ --param=inline-unit-growth=20
P2_gcc-13_paraminlineunitgrowth40                  size=3391552 best=96.61826100818678 median=49.78178542010086 mean=58.779 k_cc=/usr/bin/gcc-13 a_cc=/usr/bin/gcc-13 k=-O3 a=-O2\ -march=native\ --param=inline-unit-growth=40
P2_gcc-13_paraminlineunitgrowth100                 size=3391552 best=101.017575851726 median=100.21469662186003 mean=100.252 k_cc=/usr/bin/gcc-13 a_cc=/usr/bin/gcc-13 k=-O3 a=-O2\ -march=native\ --param=inline-unit-growth=100
