ok IntMethodTest test_bit_count
ok IntMethodTest test_bit_length
ok IntMethodTest test_to_from_bytes
ok IntMethodTest test_underscore
ok FloatMethodTest test_hex
ok FloatMethodTest test_is_integer
ok ComplexMethodTest test_abs
ok ComplexMethodTest test_conjugate
ok TypeIdentityTest test_type_names
ok SliceTest test_slice_attrs
ok RangeSeqTest test_attrs
ok RangeSeqTest test_len
ok RangeSeqTest test_subscript
ok TupleMethodTest test_count
ok TupleMethodTest test_index
ok ListMethodTest test_count
ok ListMethodTest test_index_range
ok DictMethodTest test_fromkeys
ok DictMethodTest test_or_assign
ok DictMethodTest test_reversed
ok FrozensetOpTest test_difference
ok FrozensetOpTest test_intersection
ok FrozensetOpTest test_symmetric_difference
ok FrozensetOpTest test_union
ok StrMethodTest test_endswith_tuple
ok StrMethodTest test_format_map
ok StrMethodTest test_rpartition
ok StrMethodTest test_rsplit
ok StrMethodTest test_startswith_tuple
ok StrMethodTest test_translate
ok ExceptionHierarchyTest test_arithmetic_error
ok ExceptionHierarchyTest test_baseexception
ok ExceptionHierarchyTest test_lookup_error
ok ExceptionHierarchyTest test_unicode_is_value
ok StopIterationValueTest test_explicit
ok StopIterationValueTest test_gen_return
ok IterSentinelTest test_basic
ok GenexpScopeTest test_genexp_in_lambda
ok GenexpScopeTest test_listcomp_in_lambda
---
passed=39 failed=0
