=== Build GC=immix (ASTRO_DEBUG=0) OK
  immix                ackermann                 6.233243s rss=8320kB
  immix                ast_eval                  0.324461s rss=8192kB
  immix                binary_trees              0.484217s rss=200192kB
  immix                branch_dom                1.875409s rss=2304kB
  immix                call                      7.806962s rss=2432kB
  immix                chain20                   7.388578s rss=2432kB
  immix                chain40                   7.752542s rss=2432kB
  immix                chain_add                 1.097719s rss=2304kB
  immix                collatz                   5.233779s rss=2304kB
  immix                compose                   1.280813s rss=2304kB
  immix                cons_list                 0.672547s rss=19328kB
  immix                deep_const                4.361336s rss=2304kB
  immix                dll_walk                  0.660212s rss=19200kB
  immix                early_return              5.744171s rss=2432kB
  immix                fannkuch                  0.620534s rss=18944kB
  immix                fib                       5.940563s rss=2432kB
  immix                fib_pair                  0.761298s rss=18688kB
  immix                gc_combined               0.652534s rss=19200kB
  immix                gcd                       4.277281s rss=2304kB
  immix                graph_bfs                 1.04694s rss=15424kB
  immix                hash_chain                1.39812s rss=13568kB
  immix                interp_calc               0.902555s rss=19712kB
  immix                json_parse                0.970162s rss=18944kB
  immix                life                      1.385581s rss=19072kB
  immix                list_alloc                0.743506s rss=18816kB
  immix                list_sort                 1.027108s rss=19148kB
  immix                loop                      1.420774s rss=2432kB
  immix                nqueens                   0.885361s rss=18688kB
  immix                prime_count               20.770322s rss=2432kB
  immix                remset_pressure           0.287687s rss=24064kB
  immix                sieve                     1.160937s rss=85504kB
  immix                string_concat             0.204042s rss=21120kB
  immix                string_concat_dyn         0.948486s rss=19584kB
  immix                substr_churn              0.777107s rss=55296kB
  immix                tak                       0.668978s rss=2304kB
  immix                tokenize                  0.788297s rss=19072kB
=== Build GC=immix_gen (ASTRO_DEBUG=0) OK
  immix_gen            ackermann                 6.630576s rss=8320kB
  immix_gen            ast_eval                  0.342274s rss=8320kB
  immix_gen            binary_trees              1.060478s rss=233344kB
  immix_gen            branch_dom                1.931093s rss=2304kB
  immix_gen            call                      7.7011s rss=2176kB
  immix_gen            chain20                   7.064545s rss=2432kB
  immix_gen            chain40                   7.130734s rss=2432kB
  immix_gen            chain_add                 1.161241s rss=2432kB
  immix_gen            collatz                   5.314472s rss=2432kB
  immix_gen            compose                   1.369948s rss=2304kB
  immix_gen            cons_list                 0.62937s rss=35072kB
  immix_gen            deep_const                4.481883s rss=2432kB
  immix_gen            dll_walk                  0.634048s rss=35072kB
  immix_gen            early_return              6.059466s rss=2304kB
  immix_gen            fannkuch                  0.65923s rss=35200kB
  immix_gen            fib                       6.174668s rss=2432kB
  immix_gen            fib_pair                  0.718252s rss=35072kB
  immix_gen            gc_combined               0.70394s rss=35968kB
  immix_gen            gcd                       4.417438s rss=2432kB
  immix_gen            graph_bfs                 1.061981s rss=200192kB
  immix_gen            hash_chain                0.997645s rss=13440kB
  immix_gen            interp_calc               0.835984s rss=35072kB
  immix_gen            json_parse                0.880753s rss=35200kB
  immix_gen            life                      1.257234s rss=35072kB
  immix_gen            list_alloc                0.639408s rss=35072kB
  immix_gen            list_sort                 1.000878s rss=49280kB
  immix_gen            loop                      1.373899s rss=2304kB
  immix_gen            nqueens                   0.868385s rss=30976kB
  immix_gen            prime_count               20.706596s rss=2432kB
  immix_gen            remset_pressure           0.29014s rss=40448kB
  immix_gen            sieve                     1.179306s rss=280960kB
  immix_gen            string_concat             0.208217s rss=35072kB
  immix_gen            string_concat_dyn         0.928439s rss=35072kB
  immix_gen            substr_churn              0.767832s rss=52352kB
  immix_gen            tak                       0.705875s rss=2304kB
  immix_gen            tokenize                  0.801392s rss=35200kB
=== Build GC=mark_bitmap_gen (ASTRO_DEBUG=0) OK
  mark_bitmap_gen      ackermann                 6.457641s rss=8576kB
  mark_bitmap_gen      ast_eval                  0.3626s rss=9344kB
  mark_bitmap_gen      binary_trees              1.195084s rss=273664kB
  mark_bitmap_gen      branch_dom                1.909134s rss=2304kB
  mark_bitmap_gen      call                      7.662044s rss=2432kB
  mark_bitmap_gen      chain20                   7.355881s rss=2432kB
  mark_bitmap_gen      chain40                   7.689232s rss=2304kB
  mark_bitmap_gen      chain_add                 1.054829s rss=2432kB
  mark_bitmap_gen      collatz                   5.211175s rss=2432kB
  mark_bitmap_gen      compose                   1.375667s rss=2432kB
  mark_bitmap_gen      cons_list                 0.794972s rss=25088kB
  mark_bitmap_gen      deep_const                4.045832s rss=2304kB
  mark_bitmap_gen      dll_walk                  0.742386s rss=21760kB
  mark_bitmap_gen      early_return              6.088907s rss=2304kB
  mark_bitmap_gen      fannkuch                  0.747779s rss=31616kB
  mark_bitmap_gen      fib                       6.070464s rss=2304kB
  mark_bitmap_gen      fib_pair                  0.876941s rss=24576kB
  mark_bitmap_gen      gc_combined               0.770685s rss=27908kB
  mark_bitmap_gen      gcd                       4.318483s rss=2432kB
  mark_bitmap_gen      graph_bfs                 1.045811s rss=23860kB
  mark_bitmap_gen      hash_chain                0.985795s rss=20736kB
  mark_bitmap_gen      interp_calc               0.850636s rss=22400kB
  mark_bitmap_gen      json_parse                0.853722s rss=24704kB
  mark_bitmap_gen      life                      1.271882s rss=37632kB
  mark_bitmap_gen      list_alloc                0.731126s rss=27136kB
  mark_bitmap_gen      list_sort                 1.15222s rss=30160kB
  mark_bitmap_gen      loop                      1.350297s rss=2304kB
  mark_bitmap_gen      nqueens                   0.870253s rss=30592kB
  mark_bitmap_gen      prime_count               20.017294s rss=2432kB
  mark_bitmap_gen      remset_pressure           0.31978s rss=33024kB
  mark_bitmap_gen      sieve                     1.31594s rss=198764kB
  mark_bitmap_gen      string_concat             0.223313s rss=24320kB
  mark_bitmap_gen      string_concat_dyn         0.940348s rss=24448kB
  mark_bitmap_gen      substr_churn              0.710474s rss=42112kB
  mark_bitmap_gen      tak                       0.684851s rss=2432kB
  mark_bitmap_gen      tokenize                  0.796868s rss=25216kB
=== Build GC=mark_card_gen (ASTRO_DEBUG=0) OK
  mark_card_gen        ackermann                 6.409836s rss=8448kB
  mark_card_gen        ast_eval                  0.34923s rss=9472kB
  mark_card_gen        binary_trees              1.159102s rss=273408kB
  mark_card_gen        branch_dom                1.832365s rss=2304kB
  mark_card_gen        call                      6.85581s rss=2432kB
  mark_card_gen        chain20                   6.259034s rss=2304kB
  mark_card_gen        chain40                   6.838424s rss=2304kB
  mark_card_gen        chain_add                 1.050254s rss=2304kB
  mark_card_gen        collatz                   5.172115s rss=2560kB
  mark_card_gen        compose                   1.296371s rss=2432kB
  mark_card_gen        cons_list                 0.762306s rss=25088kB
  mark_card_gen        deep_const                3.921116s rss=2432kB
  mark_card_gen        dll_walk                  0.69724s rss=21760kB
  mark_card_gen        early_return              5.920223s rss=2304kB
  mark_card_gen        fannkuch                  0.682949s rss=31744kB
  mark_card_gen        fib                       6.072194s rss=2432kB
  mark_card_gen        fib_pair                  0.869551s rss=24448kB
  mark_card_gen        gc_combined               0.778864s rss=27796kB
  mark_card_gen        gcd                       4.272696s rss=2432kB
  mark_card_gen        graph_bfs                 1.081968s rss=23948kB
  mark_card_gen        hash_chain                0.934517s rss=20992kB
  mark_card_gen        interp_calc               0.833274s rss=22272kB
  mark_card_gen        json_parse                0.844784s rss=24704kB
  mark_card_gen        life                      1.265662s rss=37632kB
  mark_card_gen        list_alloc                0.747954s rss=27264kB
  mark_card_gen        list_sort                 1.10883s rss=30328kB
  mark_card_gen        loop                      1.303216s rss=2304kB
  mark_card_gen        nqueens                   0.868212s rss=30592kB
  mark_card_gen        prime_count               19.432383s rss=2560kB
  mark_card_gen        remset_pressure           0.31091s rss=32896kB
  mark_card_gen        sieve                     1.172173s rss=198772kB
  mark_card_gen        string_concat             0.216419s rss=24576kB
  mark_card_gen        string_concat_dyn         0.968019s rss=24576kB
  mark_card_gen        substr_churn              0.734072s rss=41984kB
  mark_card_gen        tak                       0.694427s rss=2432kB
  mark_card_gen        tokenize                  0.813582s rss=25216kB
=== Build GC=mark_freelist (ASTRO_DEBUG=0) OK
  mark_freelist        ackermann                 6.084287s rss=8576kB
  mark_freelist        ast_eval                  0.314991s rss=9344kB
  mark_freelist        binary_trees              0.70468s rss=264320kB
  mark_freelist        branch_dom                1.830021s rss=2304kB
  mark_freelist        call                      7.189229s rss=2304kB
  mark_freelist        chain20                   6.615009s rss=2432kB
  mark_freelist        chain40                   7.112429s rss=2432kB
  mark_freelist        chain_add                 1.103706s rss=2304kB
  mark_freelist        collatz                   5.066586s rss=2432kB
  mark_freelist        compose                   1.423039s rss=2432kB
  mark_freelist        cons_list                 0.632148s rss=24704kB
  mark_freelist        deep_const                3.875696s rss=2304kB
  mark_freelist        dll_walk                  0.620113s rss=21376kB
  mark_freelist        early_return              5.911402s rss=2304kB
  mark_freelist        fannkuch                  0.645413s rss=31360kB
  mark_freelist        fib                       6.01539s rss=2304kB
  mark_freelist        fib_pair                  0.733658s rss=24192kB
  mark_freelist        gc_combined               0.665065s rss=27392kB
  mark_freelist        gcd                       4.281248s rss=2432kB
  mark_freelist        graph_bfs                 0.970467s rss=16140kB
  mark_freelist        hash_chain                0.972247s rss=19712kB
  mark_freelist        interp_calc               0.783009s rss=22016kB
  mark_freelist        json_parse                0.818528s rss=24320kB
  mark_freelist        life                      1.235459s rss=34560kB
  mark_freelist        list_alloc                0.669872s rss=26880kB
  mark_freelist        list_sort                 1.099756s rss=28928kB
  mark_freelist        loop                      1.276724s rss=2560kB
  mark_freelist        nqueens                   0.82592s rss=30336kB
  mark_freelist        prime_count               20.060281s rss=2304kB
  mark_freelist        remset_pressure           0.295743s rss=30976kB
  mark_freelist        sieve                     1.195526s rss=85504kB
  mark_freelist        string_concat             0.200619s rss=27264kB
  mark_freelist        string_concat_dyn         0.865191s rss=25088kB
  mark_freelist        substr_churn              0.751118s rss=66816kB
  mark_freelist        tak                       0.678667s rss=2304kB
  mark_freelist        tokenize                  0.802208s rss=24576kB
wrote benchmark/report/20260526_plain_part2/matrix.csv
wrote benchmark/report/20260526_plain_part2/matrix.json
wrote benchmark/report/20260526_plain_part2/matrix.md
EXIT=0
Tue May 26 07:28:25 UTC 2026
