=== libgc binary: /home/ko1/ruby/astro/sample/baruby/baruby (no rebuild) ===
  libgc                ackermann                 7.282305s rss=10240kB
  libgc                ast_eval                  0.360797s rss=11008kB
  libgc                binary_trees              0.876208s rss=287744kB
  libgc                branch_dom                2.046722s rss=3584kB
  libgc                call                      7.476092s rss=3584kB
  libgc                chain20                   7.566689s rss=3584kB
  libgc                chain40                   8.515357s rss=3584kB
  libgc                chain_add                 1.24009s rss=3584kB
  libgc                collatz                   6.364157s rss=3712kB
  libgc                compose                   1.485108s rss=3584kB
  libgc                cons_list                 0.923909s rss=5632kB
  libgc                deep_const                5.883966s rss=3584kB
  libgc                dll_walk                  0.880488s rss=5632kB
  libgc                early_return              7.363145s rss=3584kB
  libgc                fannkuch                  0.730224s rss=4864kB
  libgc                fib                       6.663437s rss=3584kB
  libgc                fib_pair                  1.024495s rss=4480kB
  libgc                gc_combined               1.001541s rss=5760kB
  libgc                gcd                       4.756387s rss=3584kB
  libgc                graph_bfs                 1.144893s rss=9728kB
  libgc                hash_chain                1.942356s rss=17664kB
  libgc                interp_calc               1.12954s rss=6656kB
  libgc                json_parse                1.271868s rss=4992kB
  libgc                list_alloc                1.003796s rss=4352kB
  libgc                list_sort                 1.284773s rss=4864kB
  libgc                loop                      1.620642s rss=3584kB
  libgc                nqueens                   1.004974s rss=4736kB
  libgc                prime_count               24.172349s rss=3584kB
  libgc                remset_pressure           0.490305s rss=18560kB
  libgc                sieve                     1.363424s rss=282112kB
  libgc                string_concat             0.302088s rss=4352kB
  libgc                string_concat_dyn         1.330619s rss=4352kB
  libgc                substr_churn              1.081714s rss=36864kB
  libgc                tak                       0.769572s rss=3584kB
  libgc                tokenize                  1.149588s rss=4864kB
=== Build GC=none (ASTRO_DEBUG=0) OK
  none                 ackermann                 8.389082s rss=7808kB
  none                 ast_eval                  0.416155s rss=10880kB
  none                 binary_trees              0.704166s rss=264576kB
  none                 branch_dom                2.256786s rss=2432kB
  none                 call                      9.927502s rss=2432kB
  none                 chain20                   9.175903s rss=2304kB
  none                 chain40                   9.205315s rss=2304kB
  none                 chain_add                 1.456803s rss=2432kB
  none                 collatz                   6.662594s rss=2432kB
  none                 compose                   1.655547s rss=2560kB
  none                 cons_list                 1.258415s rss=627072kB
  none                 deep_const                5.534941s rss=2432kB
  none                 dll_walk                  1.140027s rss=471168kB
  none                 early_return              6.987832s rss=2304kB
  none                 fannkuch                  0.779691s rss=57856kB
  none                 fib                       7.248318s rss=2304kB
  none                 fib_pair                  1.468299s rss=837376kB
  none                 gc_combined               1.32508s rss=783616kB
  none                 gcd                       5.3475s rss=2304kB
  none                 graph_bfs                 1.168193s rss=62080kB
  none                 hash_chain                1.438441s rss=14080kB
  none                 interp_calc               1.478926s rss=642304kB
  none                 json_parse                2.228696s rss=966656kB
  none                 life                      1.492693s rss=19456kB
  none                 list_alloc                1.312377s rss=783232kB
  none                 list_sort                 1.366672s rss=255872kB
  none                 loop                      1.630531s rss=2432kB
  none                 nqueens                   1.032331s rss=23808kB
  none                 prime_count               23.941313s rss=2432kB
  none                 remset_pressure           0.530037s rss=233600kB
  none                 sieve                     1.25393s rss=85888kB
  none                 string_concat             0.455466s rss=314752kB
  none                 string_concat_dyn         1.86037s rss=939776kB
  none                 substr_churn              1.39815s rss=581888kB
  none                 tak                       0.869493s rss=2432kB
  none                 tokenize                  1.840903s rss=1004032kB
=== Build GC=mark (ASTRO_DEBUG=0) OK
  mark                 ackermann                 7.953943s rss=8192kB
  mark                 ast_eval                  0.401349s rss=9216kB
  mark                 binary_trees              0.779722s rss=264832kB
  mark                 branch_dom                2.34842s rss=2432kB
  mark                 call                      9.112696s rss=2432kB
  mark                 chain20                   8.259453s rss=2432kB
  mark                 chain40                   9.098488s rss=2432kB
  mark                 chain_add                 1.480039s rss=2304kB
  mark                 collatz                   6.536534s rss=2432kB
  mark                 compose                   1.667412s rss=2432kB
  mark                 cons_list                 0.841926s rss=24832kB
  mark                 deep_const                4.986391s rss=2304kB
  mark                 dll_walk                  0.895578s rss=21504kB
  mark                 early_return              7.239723s rss=2304kB
  mark                 fannkuch                  0.74998s rss=31488kB
  mark                 fib                       6.857223s rss=2304kB
  mark                 fib_pair                  0.963611s rss=24192kB
  mark                 gc_combined               0.890596s rss=27392kB
  mark                 gcd                       5.388309s rss=2304kB
  mark                 graph_bfs                 1.349756s rss=15928kB
  mark                 hash_chain                1.517053s rss=20736kB
  mark                 interp_calc               1.054272s rss=21888kB
  mark                 json_parse                1.020301s rss=24192kB
  mark                 life                      1.500657s rss=37376kB
  mark                 list_alloc                0.877869s rss=27008kB
  mark                 list_sort                 1.288078s rss=29820kB
  mark                 loop                      1.661826s rss=2432kB
  mark                 nqueens                   1.029706s rss=30464kB
  mark                 prime_count               24.984966s rss=2432kB
  mark                 remset_pressure           0.410198s rss=31104kB
  mark                 sieve                     1.328263s rss=85376kB
  mark                 string_concat             0.245114s rss=27392kB
  mark                 string_concat_dyn         1.132327s rss=25088kB
  mark                 substr_churn              0.998787s rss=66560kB
  mark                 tak                       0.856194s rss=2432kB
  mark                 tokenize                  1.009125s rss=24576kB
=== Build GC=mark_gen (ASTRO_DEBUG=0) OK
  mark_gen             ackermann                 7.884129s rss=8448kB
  mark_gen             ast_eval                  0.408949s rss=11264kB
  mark_gen             binary_trees              1.415721s rss=276096kB
  mark_gen             branch_dom                2.421605s rss=2432kB
  mark_gen             call                      9.25302s rss=2176kB
  mark_gen             chain20                   8.456633s rss=2432kB
  mark_gen             chain40                   9.801423s rss=2432kB
  mark_gen             chain_add                 1.343131s rss=2432kB
  mark_gen             collatz                   6.407366s rss=2304kB
  mark_gen             compose                   1.765754s rss=2432kB
  mark_gen             cons_list                 0.931037s rss=29952kB
  mark_gen             deep_const                4.925237s rss=2432kB
  mark_gen             dll_walk                  0.866732s rss=25856kB
  mark_gen             early_return              7.122577s rss=2432kB
  mark_gen             fannkuch                  0.777335s rss=33536kB
  mark_gen             fib                       6.962791s rss=2432kB
  mark_gen             fib_pair                  1.029549s rss=29696kB
  mark_gen             gc_combined               0.939481s rss=31860kB
  mark_gen             gcd                       5.409882s rss=2304kB
  mark_gen             graph_bfs                 1.45843s rss=23904kB
  mark_gen             hash_chain                2.002941s rss=23168kB
  mark_gen             interp_calc               1.104361s rss=25728kB
  mark_gen             json_parse                1.184679s rss=29824kB
  mark_gen             life                      1.520877s rss=37504kB
  mark_gen             list_alloc                0.950079s rss=31360kB
  mark_gen             list_sort                 1.358249s rss=32184kB
  mark_gen             loop                      1.618608s rss=2560kB
  mark_gen             nqueens                   1.003808s rss=33024kB
  mark_gen             prime_count               25.29899s rss=2304kB
  mark_gen             remset_pressure           0.376916s rss=38144kB
  mark_gen             sieve                     1.440651s rss=198964kB
  mark_gen             string_concat             0.290905s rss=29568kB
  mark_gen             string_concat_dyn         1.254803s rss=29696kB
  mark_gen             substr_churn              1.0676s rss=47488kB
  mark_gen             tak                       0.853744s rss=2304kB
  mark_gen             tokenize                  1.116251s rss=30336kB
=== Build GC=mark_gen_inc (ASTRO_DEBUG=0) OK
  mark_gen_inc         ackermann                 7.85746s rss=7936kB
  mark_gen_inc         ast_eval                  0.398054s rss=11136kB
  mark_gen_inc         binary_trees              1.334093s rss=276224kB
  mark_gen_inc         branch_dom                2.253191s rss=2304kB
  mark_gen_inc         call                      9.193668s rss=2560kB
  mark_gen_inc         chain20                   8.301711s rss=2304kB
  mark_gen_inc         chain40                   7.362358s rss=2432kB
  mark_gen_inc         chain_add                 1.127494s rss=2432kB
  mark_gen_inc         collatz                   5.620378s rss=2432kB
  mark_gen_inc         compose                   1.438866s rss=2432kB
  mark_gen_inc         cons_list                 0.866283s rss=29824kB
  mark_gen_inc         deep_const                4.664694s rss=2432kB
  mark_gen_inc         dll_walk                  0.821236s rss=25856kB
  mark_gen_inc         early_return              6.262899s rss=2432kB
  mark_gen_inc         fannkuch                  0.716084s rss=33536kB
  mark_gen_inc         fib                       6.219367s rss=2432kB
  mark_gen_inc         fib_pair                  1.00446s rss=29568kB
  mark_gen_inc         gc_combined               0.921654s rss=32024kB
  mark_gen_inc         gcd                       4.465223s rss=2560kB
  mark_gen_inc         graph_bfs                 1.061683s rss=23932kB
  mark_gen_inc         hash_chain                1.054602s rss=23296kB
  mark_gen_inc         interp_calc               0.957691s rss=25856kB
  mark_gen_inc         json_parse                1.04366s rss=29824kB
  mark_gen_inc         life                      1.304609s rss=37888kB
  mark_gen_inc         list_alloc                0.82175s rss=31104kB
  mark_gen_inc         list_sort                 1.166556s rss=32072kB
  mark_gen_inc         loop                      1.345512s rss=2432kB
  mark_gen_inc         nqueens                   0.893524s rss=33024kB
  mark_gen_inc         prime_count               20.718336s rss=2432kB
  mark_gen_inc         remset_pressure           0.374103s rss=37888kB
  mark_gen_inc         sieve                     1.34671s rss=198836kB
  mark_gen_inc         string_concat             0.276081s rss=29824kB
  mark_gen_inc         string_concat_dyn         1.147954s rss=29824kB
  mark_gen_inc         substr_churn              0.893529s rss=47360kB
  mark_gen_inc         tak                       0.687922s rss=2432kB
  mark_gen_inc         tokenize                  0.996479s rss=30208kB
=== Build GC=copy (ASTRO_DEBUG=0) OK
  copy                 ackermann                 6.400679s rss=8192kB
  copy                 ast_eval                  0.323191s rss=8320kB
  copy                 binary_trees              0.588286s rss=346368kB
  copy                 branch_dom                1.926493s rss=2432kB
  copy                 call                      8.126143s rss=2560kB
  copy                 chain20                   7.276822s rss=2304kB
  copy                 chain40                   7.843011s rss=2432kB
  copy                 chain_add                 1.097965s rss=2432kB
  copy                 collatz                   5.405171s rss=2432kB
  copy                 compose                   1.397057s rss=2432kB
  copy                 cons_list                 0.647256s rss=35840kB
  copy                 deep_const                4.045095s rss=2176kB
  copy                 dll_walk                  0.651965s rss=36096kB
  copy                 early_return              6.124769s rss=2432kB
  copy                 fannkuch                  0.670135s rss=35200kB
  copy                 fib                       6.169696s rss=2176kB
  copy                 fib_pair                  0.741158s rss=35200kB
  copy                 gc_combined               0.690262s rss=35712kB
  copy                 gcd                       4.441893s rss=2304kB
  copy                 graph_bfs                 1.056092s rss=22828kB
  copy                 hash_chain                1.041999s rss=13568kB
  copy                 interp_calc               0.802207s rss=36736kB
  copy                 json_parse                0.820654s rss=35200kB
  copy                 life                      1.302056s rss=35328kB
  copy                 list_alloc                0.672296s rss=35200kB
  copy                 list_sort                 1.005627s rss=33152kB
  copy                 loop                      1.374244s rss=2304kB
  copy                 nqueens                   0.893684s rss=30848kB
  copy                 prime_count               20.891622s rss=2432kB
  copy                 remset_pressure           0.313762s rss=44416kB
  copy                 sieve                     1.18031s rss=141824kB
  copy                 string_concat             0.190818s rss=39680kB
  copy                 string_concat_dyn         0.885157s rss=36224kB
  copy                 substr_churn              0.717316s rss=90112kB
  copy                 tak                       0.693016s rss=2432kB
  copy                 tokenize                  0.731009s rss=35072kB
=== Build GC=copy_gen (ASTRO_DEBUG=0) OK
  copy_gen             ackermann                 6.494105s rss=8320kB
  copy_gen             ast_eval                  0.334319s rss=8448kB
  copy_gen             binary_trees              0.975811s rss=411776kB
  copy_gen             branch_dom                1.885877s rss=2432kB
  copy_gen             call                      8.348683s rss=2432kB
  copy_gen             chain20                   7.760259s rss=2304kB
  copy_gen             chain40                   7.729215s rss=2304kB
  copy_gen             chain_add                 1.227381s rss=2432kB
  copy_gen             collatz                   5.381845s rss=2304kB
  copy_gen             compose                   1.327307s rss=2432kB
  copy_gen             cons_list                 0.64613s rss=34816kB
  copy_gen             deep_const                4.521321s rss=2432kB
  copy_gen             dll_walk                  0.654468s rss=34944kB
  copy_gen             early_return              5.943604s rss=2432kB
  copy_gen             fannkuch                  0.628643s rss=35072kB
  copy_gen             fib                       6.246078s rss=2560kB
  copy_gen             fib_pair                  0.713944s rss=34944kB
  copy_gen             gc_combined               0.67326s rss=35712kB
  copy_gen             gcd                       4.331046s rss=2432kB
  copy_gen             graph_bfs                 0.990793s rss=36608kB
  copy_gen             hash_chain                0.993239s rss=13568kB
  copy_gen             interp_calc               0.77332s rss=34944kB
  copy_gen             json_parse                0.832209s rss=35072kB
  copy_gen             life                      1.281033s rss=34944kB
  copy_gen             list_alloc                0.613965s rss=35072kB
  copy_gen             list_sort                 0.972227s rss=35072kB
  copy_gen             loop                      1.348066s rss=2304kB
  copy_gen             nqueens                   0.838927s rss=31232kB
  copy_gen             prime_count               20.67049s rss=2304kB
  copy_gen             remset_pressure           0.284427s rss=39808kB
  copy_gen             sieve                     1.153895s rss=282880kB
  copy_gen             string_concat             0.194112s rss=34944kB
  copy_gen             string_concat_dyn         0.917642s rss=35200kB
  copy_gen             substr_churn              0.73384s rss=52608kB
  copy_gen             tak                       0.682861s rss=2560kB
  copy_gen             tokenize                  0.758977s rss=35072kB
=== Build GC=mark_compact (ASTRO_DEBUG=0) OK
  mark_compact         ackermann                 6.349884s rss=8320kB
  mark_compact         ast_eval                  0.339882s rss=9984kB
  mark_compact         binary_trees              FAIL
  mark_compact         branch_dom                1.934664s rss=2560kB
  mark_compact         call                      6.944903s rss=2432kB
  mark_compact         chain20                   6.826355s rss=2432kB
  mark_compact         chain40                   7.427362s rss=2432kB
  mark_compact         chain_add                 0.992129s rss=2432kB
  mark_compact         collatz                   5.07085s rss=2432kB
  mark_compact         compose                   1.375664s rss=2304kB
  mark_compact         cons_list                 FAIL
  mark_compact         deep_const                3.913132s rss=2432kB
  mark_compact         dll_walk                  FAIL
  mark_compact         early_return              5.860762s rss=2432kB
  mark_compact         fannkuch                  0.615851s rss=18688kB
  mark_compact         fib                       6.009112s rss=2304kB
  mark_compact         fib_pair                  0.847921s rss=18560kB
  mark_compact         gc_combined               0.760466s rss=19456kB
  mark_compact         gcd                       4.327938s rss=2304kB
  mark_compact         graph_bfs                 FAIL
  mark_compact         hash_chain                0.984862s rss=16000kB
  mark_compact         interp_calc               FAIL
  mark_compact         json_parse                FAIL
  mark_compact         life                      FAIL
  mark_compact         list_alloc                0.724302s rss=18560kB
  mark_compact         list_sort                 0.973124s rss=18944kB
  mark_compact         loop                      1.317624s rss=2432kB
  mark_compact         nqueens                   0.850411s rss=18816kB
  mark_compact         prime_count               19.925164s rss=2432kB
  mark_compact         remset_pressure           FAIL
  mark_compact         sieve                     1.109197s rss=141696kB
  mark_compact         string_concat             0.231632s rss=20480kB
  mark_compact         string_concat_dyn         1.024494s rss=19328kB
  mark_compact         substr_churn              0.842517s rss=54784kB
  mark_compact         tak                       0.688097s rss=2432kB
  mark_compact         tokenize                  FAIL
=== Build GC=mark_compact_gen (ASTRO_DEBUG=0) OK
  mark_compact_gen     ackermann                 6.233908s rss=8320kB
  mark_compact_gen     ast_eval                  0.324266s rss=10112kB
  mark_compact_gen     binary_trees              1.696158s rss=280704kB
  mark_compact_gen     branch_dom                1.887153s rss=2304kB
  mark_compact_gen     call                      7.547879s rss=2432kB
  mark_compact_gen     chain20                   7.739225s rss=2432kB
  mark_compact_gen     chain40                   7.335778s rss=2304kB
  mark_compact_gen     chain_add                 1.123988s rss=2560kB
  mark_compact_gen     collatz                   5.242132s rss=2432kB
  mark_compact_gen     compose                   1.421967s rss=2304kB
  mark_compact_gen     cons_list                 0.678177s rss=34944kB
  mark_compact_gen     deep_const                4.452089s rss=2304kB
  mark_compact_gen     dll_walk                  0.66151s rss=35072kB
  mark_compact_gen     early_return              5.927665s rss=2432kB
  mark_compact_gen     fannkuch                  0.630495s rss=35072kB
  mark_compact_gen     fib                       6.06698s rss=2432kB
  mark_compact_gen     fib_pair                  0.761938s rss=34944kB
  mark_compact_gen     gc_combined               0.710137s rss=35584kB
  mark_compact_gen     gcd                       4.422008s rss=2304kB
  mark_compact_gen     graph_bfs                 1.020317s rss=36992kB
  mark_compact_gen     hash_chain                0.955329s rss=16000kB
  mark_compact_gen     interp_calc               0.821619s rss=35072kB
  mark_compact_gen     json_parse                0.868887s rss=35200kB
  mark_compact_gen     life                      1.272253s rss=35072kB
  mark_compact_gen     list_alloc                0.668677s rss=35072kB
  mark_compact_gen     list_sort                 1.000701s rss=35200kB
  mark_compact_gen     loop                      1.299077s rss=2432kB
  mark_compact_gen     nqueens                   0.85112s rss=35200kB
  mark_compact_gen     prime_count               20.32962s rss=2304kB
  mark_compact_gen     remset_pressure           0.306532s rss=41216kB
  mark_compact_gen     sieve                     1.140283s rss=283008kB
  mark_compact_gen     string_concat             0.22402s rss=35200kB
  mark_compact_gen     string_concat_dyn         0.986483s rss=34816kB
  mark_compact_gen     substr_churn              0.804587s rss=52608kB
  mark_compact_gen     tak                       0.672846s rss=2432kB
  mark_compact_gen     tokenize                  0.860299s rss=35072kB
=== Build GC=bump (ASTRO_DEBUG=0) OK
  bump                 ackermann                 7.585473s rss=8320kB
  bump                 ast_eval                  0.320324s rss=8448kB
  bump                 binary_trees              0.393798s rss=198912kB
  bump                 branch_dom                1.887648s rss=2432kB
  bump                 call                      7.293384s rss=2432kB
  bump                 chain20                   6.747924s rss=2432kB
  bump                 chain40                   6.992459s rss=2432kB
  bump                 chain_add                 1.110337s rss=2304kB
  bump                 collatz                   5.098299s rss=2304kB
  bump                 compose                   1.310325s rss=2304kB
  bump                 cons_list                 0.766189s rss=471168kB
  bump                 deep_const                3.823287s rss=2304kB
  bump                 dll_walk                  0.735919s rss=330496kB
  bump                 early_return              6.045433s rss=2304kB
  bump                 fannkuch                  0.643515s rss=87936kB
  bump                 fib                       5.921002s rss=2304kB
  bump                 fib_pair                  0.915219s rss=628864kB
  bump                 gc_combined               0.851751s rss=628224kB
  bump                 gcd                       4.270841s rss=2432kB
  bump                 graph_bfs                 1.02292s rss=188672kB
  bump                 hash_chain                0.982386s rss=13568kB
  bump                 interp_calc               0.897456s rss=450176kB
  bump                 json_parse                1.059047s rss=727168kB
  bump                 life                      1.300908s rss=35456kB
  bump                 list_alloc                0.861613s rss=627456kB
  bump                 list_sort                 1.091212s rss=318080kB
  bump                 loop                      1.327318s rss=2432kB
  bump                 nqueens                   0.823644s rss=31104kB
  bump                 prime_count               20.409887s rss=2432kB
  bump                 remset_pressure           0.318484s rss=175616kB
  bump                 sieve                     1.213079s rss=280960kB
  bump                 string_concat             0.24029s rss=236800kB
  bump                 string_concat_dyn         1.099855s rss=705408kB
  bump                 substr_churn              0.850283s rss=441728kB
  bump                 tak                       0.720757s rss=2432kB
  bump                 tokenize                  0.954726s rss=774656kB
=== Build GC=mark_bump_gen (ASTRO_DEBUG=0) OK
  mark_bump_gen        ackermann                 6.216559s rss=8448kB
  mark_bump_gen        ast_eval                  0.349806s rss=8448kB
  mark_bump_gen        binary_trees              0.948371s rss=237312kB
  mark_bump_gen        branch_dom                1.884866s rss=2432kB
  mark_bump_gen        call                      7.88299s rss=2432kB
  mark_bump_gen        chain20                   6.666645s rss=2432kB
  mark_bump_gen        chain40                   7.492785s rss=2432kB
  mark_bump_gen        chain_add                 1.080387s rss=2432kB
  mark_bump_gen        collatz                   5.318474s rss=2304kB
  mark_bump_gen        compose                   1.408343s rss=2432kB
  mark_bump_gen        cons_list                 0.831212s rss=35072kB
  mark_bump_gen        deep_const                4.535629s rss=2304kB
  mark_bump_gen        dll_walk                  0.865105s rss=35072kB
  mark_bump_gen        early_return              6.157667s rss=2432kB
  mark_bump_gen        fannkuch                  0.647278s rss=34944kB
  mark_bump_gen        fib                       6.273055s rss=2560kB
  mark_bump_gen        fib_pair                  0.73767s rss=35200kB
  mark_bump_gen        gc_combined               0.673311s rss=35584kB
  mark_bump_gen        gcd                       4.36306s rss=2432kB
  mark_bump_gen        graph_bfs                 1.264266s rss=36480kB
  mark_bump_gen        hash_chain                1.011325s rss=13440kB
  mark_bump_gen        interp_calc               0.779997s rss=34944kB
  mark_bump_gen        json_parse                0.767827s rss=35200kB
  mark_bump_gen        life                      1.249417s rss=35072kB
  mark_bump_gen        list_alloc                0.63525s rss=35200kB
  mark_bump_gen        list_sort                 0.990441s rss=35200kB
  mark_bump_gen        loop                      1.344595s rss=2432kB
  mark_bump_gen        nqueens                   0.858197s rss=31360kB
  mark_bump_gen        prime_count               21.28059s rss=2432kB
  mark_bump_gen        remset_pressure           0.309307s rss=39936kB
  mark_bump_gen        sieve                     1.207196s rss=278784kB
  mark_bump_gen        string_concat             0.191108s rss=35072kB
  mark_bump_gen        string_concat_dyn         0.888381s rss=35072kB
  mark_bump_gen        substr_churn              0.709326s rss=52736kB
  mark_bump_gen        tak                       0.687284s rss=2304kB
  mark_bump_gen        tokenize                  0.724064s rss=35200kB
=== Build GC=immix (ASTRO_DEBUG=0) OK
  immix                ackermann                 6.453484s rss=8064kB
  immix                ast_eval                  0.317398s rss=8320kB
  immix                binary_trees              0.495503s rss=200192kB
  immix                branch_dom                1.871063s rss=2432kB
  immix                call                      7.995454s rss=2432kB
